// Jest Snapshot v1, https://goo.gl/fbAQLP

exports[`<CountDown  /> should match snapshot 1`] = `30 days 0 hrs 0 mins 0 secs`;
